// Jest Snapshot v1, https://goo.gl/fbAQLP

exports[`Tests in MultipleCustomHooks should dsiplay correctly 1`] = `
<div>
  <h1
    className="h1"
  >
    Breaking Bad Quotes
  </h1>
  <hr />
  <div
    className="alert alert-info text-center"
  >
    Loading...
  </div>
</div>
`;
