// Jest Snapshot v1, https://goo.gl/fbAQLP

exports[`Tests in <HomeScreen /> should HomeScreen match with snapshot 1`] = `
<div>
  <h1>
    Home Screen
  </h1>
  <hr />
  <pre>
    {
   "id": 1,
   "name": "Ra√∫l",
   "email": "ra@ca.com"
}
  </pre>
</div>
`;
