// Jest Snapshot v1, https://goo.gl/fbAQLP

exports[`Tests in <LoginScreen /> should match with snapshot 1`] = `
<div
  className="row justify-content-center"
>
  <div
    className="col-7"
  >
    <div
      className="card text-white bg-dark text-center m-5"
    >
      <div
        className="card-body"
      >
        <h1
          className="h2 card-title"
        >
          Iniciar Sesión
        </h1>
        <div
          className="card-text my-2"
        >
          <form
            onSubmit={[Function]}
          >
            <div
              className="form-group"
            >
              <input
                className="form-control"
                name="name"
                onChange={[Function]}
                placeholder="Nombre"
                type="text"
                value=""
              />
            </div>
            <div
              className="form-group"
            >
              <input
                className="form-control"
                name="email"
                onChange={[Function]}
                placeholder="Correo Electrónico"
                type="email"
                value=""
              />
            </div>
            <button
              className="btn btn-primary"
              type="submit"
            >
              Inicar Sesión
            </button>
          </form>
        </div>
      </div>
    </div>
    <pre />
  </div>
</div>
`;
